// Jest Snapshot v1, https://goo.gl/fbAQLP

exports[`renders AboutDetails correctly and matches snapshot 1`] = `
<DocumentFragment>
  <section
    class="container"
  >
    <h1
      class="h1Small"
      id=""
    >
      About
    </h1>
    <article
      class="aboutus"
    >
      <div
        class="bar"
      />
      <p
        class="body1"
        id=""
      >
        We help companies build dynamic teams made up of top global talent. Using our network of passionate professionals we drive innovation and deliver incredible outcomes. Talented, diverse teams shape the best products and experiences. We’ll bring those teams to you.
      </p>
    </article>
  </section>
</DocumentFragment>
`;

exports[`renders AboutDetails correctly and matches snapshot 1`] = `
<DocumentFragment>
  <section
    class="container"
  >
    <h1
      class="h1Small"
      id=""
    >
      About
    </h1>
    <article
      class="aboutus"
    >
      <div
        class="bar"
      />
      <p
        class="body1"
        id=""
      >
        We help companies build dynamic teams made up of top global talent. Using our network of passionate professionals we drive innovation and deliver incredible outcomes. Talented, diverse teams shape the best products and experiences. We’ll bring those teams to you.
      </p>
    </article>
  </section>
</DocumentFragment>
`;
