// Jest Snapshot v1, https://goo.gl/fbAQLP

exports[`renders NotFound correctly and matches snapshot 1`] = `
<DocumentFragment>
  <footer
    class="footer"
  >
    <div
      class="footerInfo"
    >
      <div
        class="footerNavigation"
      >
        <img
          alt="logo"
          src="logo.svg"
        />
        <div
          class="footerLinks"
        >
          <a
            href="/"
          >
            <p
              class="body1"
              id=""
            >
              home
            </p>
          </a>
          <a
            href="/about"
          >
            <p
              class="body1"
              id=""
            >
              about
            </p>
          </a>
        </div>
      </div>
      <address
        class="location"
      >
        <p
          class="body2"
          id=""
        >
          997 Hillcrest Lane
        </p>
        <p
          class="body2"
          id=""
        >
          Irvine, CA
        </p>
        <p
          class="body2"
          id=""
        >
          California 92714
        </p>
        <p
          class="body2"
          id=""
        >
          Call Us: 949-833-7432
        </p>
      </address>
    </div>
    <div
      class="socialContent"
    >
      <div
        class="socialLinks"
      >
        <svg
          class="socialLink"
        >
          icon-facebook.svg
        </svg>
        <svg
          class="socialLink"
        >
          icon-pinterest.svg
        </svg>
        <svg
          class="socialLink"
        >
          icon-twitter.svg
        </svg>
      </div>
      <p
        class="copyright body2"
        id=""
      >
        <span
          class="avoidWrap"
        >
          Copyright 2020.
        </span>
         
        <span
          class="avoidWrap"
        >
          All Rights Reserved
        </span>
      </p>
    </div>
  </footer>
</DocumentFragment>
`;
